[INFO] Scanning for projects...
[INFO] 
[INFO] ----------------< vn.edu.eaut:management-portal-spring >----------------
[INFO] Building management-portal-spring 1.0-SNAPSHOT
[INFO]   from pom.xml
[INFO] --------------------------------[ jar ]---------------------------------
[INFO] 
[INFO] >>> spring-boot:3.2.3:run (default-cli) > test-compile @ management-portal-spring >>>
[INFO] 
[INFO] --- resources:3.3.1:resources (default-resources) @ management-portal-spring ---
[INFO] Copying 1 resource from src\main\resources to target\classes
[INFO] Copying 10 resources from src\main\resources to target\classes
[INFO] 
[INFO] --- compiler:3.11.0:compile (default-compile) @ management-portal-spring ---
[INFO] Nothing to compile - all classes are up to date
[INFO] 
[INFO] --- resources:3.3.1:testResources (default-testResources) @ management-portal-spring ---
[INFO] skip non existing resourceDirectory D:\Code Full\Java\Labs\java-integrated-lab\management-portal-spring\src\test\resources
[INFO] 
[INFO] --- compiler:3.11.0:testCompile (default-testCompile) @ management-portal-spring ---
[INFO] No sources to compile
[INFO] 
[INFO] <<< spring-boot:3.2.3:run (default-cli) < test-compile @ management-portal-spring <<<
[INFO] 
[INFO] 
[INFO] --- spring-boot:3.2.3:run (default-cli) @ management-portal-spring ---
[INFO] Attaching agents: []

  .   ____          _            __ _ _
 /\\ / ___'_ __ _ _(_)_ __  __ _ \ \ \ \
( ( )\___ | '_ | '_| | '_ \/ _` | \ \ \ \
 \\/  ___)| |_)| | | | | || (_| |  ) ) ) )
  '  |____| .__|_| |_|_| |_\__, | / / / /
 =========|_|==============|___/=/_/_/_/
 :: Spring Boot ::                (v3.2.3)

2026-09-11T11:58:50.104+07:00  INFO 16960 --- [management-portal-spring] [           main] v.e.e.m.ManagementPortalApplication      : Starting ManagementPortalApplication using Java 21.0.12 with PID 16960 (D:\Code Full\Java\Labs\java-integrated-lab\management-portal-spring\target\classes started by Asus in D:\Code Full\Java\Labs\java-integrated-lab\management-portal-spring)
2026-09-11T11:58:50.107+07:00  INFO 16960 --- [management-portal-spring] [           main] v.e.e.m.ManagementPortalApplication      : No active profile set, falling back to 1 default profile: "default"
2026-09-11T11:58:50.918+07:00  INFO 16960 --- [management-portal-spring] [           main] .s.d.r.c.RepositoryConfigurationDelegate : Bootstrapping Spring Data JPA repositories in DEFAULT mode.
2026-09-11T11:58:51.017+07:00  INFO 16960 --- [management-portal-spring] [           main] .s.d.r.c.RepositoryConfigurationDelegate : Finished Spring Data repository scanning in 88 ms. Found 4 JPA repository interfaces.
2026-09-11T11:58:51.732+07:00  INFO 16960 --- [management-portal-spring] [           main] o.s.b.w.embedded.tomcat.TomcatWebServer  : Tomcat initialized with port 8082 (http)
2026-09-11T11:58:51.749+07:00  INFO 16960 --- [management-portal-spring] [           main] o.apache.catalina.core.StandardService   : Starting service [Tomcat]
2026-09-11T11:58:51.749+07:00  INFO 16960 --- [management-portal-spring] [           main] o.apache.catalina.core.StandardEngine    : Starting Servlet engine: [Apache Tomcat/10.1.19]
2026-09-11T11:58:51.822+07:00  INFO 16960 --- [management-portal-spring] [           main] o.a.c.c.C.[Tomcat].[localhost].[/]       : Initializing Spring embedded WebApplicationContext
2026-09-11T11:58:51.823+07:00  INFO 16960 --- [management-portal-spring] [           main] w.s.c.ServletWebServerApplicationContext : Root WebApplicationContext: initialization completed in 1665 ms
2026-09-11T11:58:51.998+07:00  INFO 16960 --- [management-portal-spring] [           main] o.hibernate.jpa.internal.util.LogHelper  : HHH000204: Processing PersistenceUnitInfo [name: default]
2026-09-11T11:58:52.080+07:00  INFO 16960 --- [management-portal-spring] [           main] org.hibernate.Version                    : HHH000412: Hibernate ORM core version 6.4.4.Final
2026-09-11T11:58:52.120+07:00  INFO 16960 --- [management-portal-spring] [           main] o.h.c.internal.RegionFactoryInitiator    : HHH000026: Second-level cache disabled
2026-09-11T11:58:52.483+07:00  INFO 16960 --- [management-portal-spring] [           main] o.s.o.j.p.SpringPersistenceUnitInfo      : No LoadTimeWeaver setup: ignoring JPA class transformer
2026-09-11T11:58:52.521+07:00  INFO 16960 --- [management-portal-spring] [           main] com.zaxxer.hikari.HikariDataSource       : HikariPool-1 - Starting...
2026-09-11T11:58:53.139+07:00  INFO 16960 --- [management-portal-spring] [           main] com.zaxxer.hikari.pool.HikariPool        : HikariPool-1 - Added connection com.mysql.cj.jdbc.ConnectionImpl@74d22ddd
2026-09-11T11:58:53.142+07:00  INFO 16960 --- [management-portal-spring] [           main] com.zaxxer.hikari.HikariDataSource       : HikariPool-1 - Start completed.
2026-09-11T11:58:53.213+07:00  WARN 16960 --- [management-portal-spring] [           main] org.hibernate.orm.deprecation            : HHH90000025: MySQLDialect does not need to be specified explicitly using 'hibernate.dialect' (remove the property setting and it will be selected by default)
2026-09-11T11:58:54.633+07:00  INFO 16960 --- [management-portal-spring] [           main] o.h.e.t.j.p.i.JtaPlatformInitiator       : HHH000489: No JTA platform available (set 'hibernate.transaction.jta.platform' to enable JTA platform integration)
2026-09-11T11:58:54.638+07:00  INFO 16960 --- [management-portal-spring] [           main] j.LocalContainerEntityManagerFactoryBean : Initialized JPA EntityManagerFactory for persistence unit 'default'
2026-09-11T11:58:55.121+07:00  INFO 16960 --- [management-portal-spring] [           main] o.s.d.j.r.query.QueryEnhancerFactory     : Hibernate is in classpath; If applicable, HQL parser will be used.
2026-09-11T11:58:56.670+07:00  INFO 16960 --- [management-portal-spring] [           main] o.s.s.web.DefaultSecurityFilterChain     : Will secure any request with [org.springframework.security.web.session.DisableEncodeUrlFilter@5a22eec0, org.springframework.security.web.context.request.async.WebAsyncManagerIntegrationFilter@42d060f1, org.springframework.security.web.context.SecurityContextHolderFilter@5be0cb4, org.springframework.security.web.header.HeaderWriterFilter@7ca802e3, org.springframework.web.filter.CorsFilter@1a9064b7, org.springframework.security.web.authentication.logout.LogoutFilter@2250d39c, org.springframework.security.web.authentication.UsernamePasswordAuthenticationFilter@3abc4498, org.springframework.security.web.savedrequest.RequestCacheAwareFilter@347d6885, org.springframework.security.web.servletapi.SecurityContextHolderAwareRequestFilter@12af47f4, org.springframework.security.web.authentication.AnonymousAuthenticationFilter@91a7497, org.springframework.security.web.access.ExceptionTranslationFilter@3aa8ebf9, org.springframework.security.web.access.intercept.AuthorizationFilter@29963f9a]
2026-09-11T11:58:57.136+07:00  INFO 16960 --- [management-portal-spring] [           main] o.s.b.w.embedded.tomcat.TomcatWebServer  : Tomcat started on port 8082 (http) with context path ''
2026-09-11T11:58:57.148+07:00  INFO 16960 --- [management-portal-spring] [           main] v.e.e.m.ManagementPortalApplication      : Started ManagementPortalApplication in 7.486 seconds (process running for 7.98)
2026-09-11T12:00:31.025+07:00  INFO 16960 --- [management-portal-spring] [nio-8082-exec-1] o.a.c.c.C.[Tomcat].[localhost].[/]       : Initializing Spring DispatcherServlet 'dispatcherServlet'
2026-09-11T12:00:31.025+07:00  INFO 16960 --- [management-portal-spring] [nio-8082-exec-1] o.s.web.servlet.DispatcherServlet        : Initializing Servlet 'dispatcherServlet'
2026-09-11T12:00:31.025+07:00  INFO 16960 --- [management-portal-spring] [nio-8082-exec-1] o.s.web.servlet.DispatcherServlet        : Completed initialization in 0 ms
